[INFO] Scanning for projects...
[INFO] 
[INFO] --------------------------< com.edu:backend >---------------------------
[INFO] Building edu-backend 0.0.1-SNAPSHOT
[INFO]   from pom.xml
[INFO] --------------------------------[ jar ]---------------------------------
[INFO] 
[INFO] --- clean:3.4.0:clean (default-clean) @ backend ---
[INFO] Deleting C:\Users\91965\Desktop\Educational-Platform\fsad-previewcode\backend\target
[INFO] 
[INFO] --- resources:3.3.1:resources (default-resources) @ backend ---
[INFO] Copying 1 resource from src\main\resources to target\classes
[INFO] Copying 1 resource from src\main\resources to target\classes
[INFO] 
[INFO] --- compiler:3.13.0:compile (default-compile) @ backend ---
[INFO] Recompiling the module because of changed source code.
[INFO] Compiling 29 source files with javac [debug parameters release 17] to target\classes
[INFO] -------------------------------------------------------------
[ERROR] COMPILATION ERROR : 
[INFO] -------------------------------------------------------------
[ERROR] /C:/Users/91965/Desktop/Educational-Platform/fsad-previewcode/backend/src/main/java/com/edu/backend/controller/AdminController.java:[28,77] cannot find symbol
  symbol:   method getRole()
  location: variable u of type com.edu.backend.model.User
[ERROR] /C:/Users/91965/Desktop/Educational-Platform/fsad-previewcode/backend/src/main/java/com/edu/backend/controller/AdminController.java:[29,77] cannot find symbol
  symbol:   method getRole()
  location: variable u of type com.edu.backend.model.User
[ERROR] /C:/Users/91965/Desktop/Educational-Platform/fsad-previewcode/backend/src/main/java/com/edu/backend/controller/AdminController.java:[36,52] cannot find symbol
  symbol:   method getRole()
  location: variable u of type com.edu.backend.model.User
[ERROR] /C:/Users/91965/Desktop/Educational-Platform/fsad-previewcode/backend/src/main/java/com/edu/backend/controller/AdminController.java:[36,85] cannot find symbol
  symbol:   method getStatus()
  location: variable u of type com.edu.backend.model.User
[ERROR] /C:/Users/91965/Desktop/Educational-Platform/fsad-previewcode/backend/src/main/java/com/edu/backend/controller/AdminController.java:[38,50] cannot find symbol
  symbol:   method getRole()
  location: variable u of type com.edu.backend.model.User
[ERROR] /C:/Users/91965/Desktop/Educational-Platform/fsad-previewcode/backend/src/main/java/com/edu/backend/controller/AdminController.java:[38,83] cannot find symbol
  symbol:   method getStatus()
  location: variable u of type com.edu.backend.model.User
[ERROR] /C:/Users/91965/Desktop/Educational-Platform/fsad-previewcode/backend/src/main/java/com/edu/backend/controller/AdminController.java:[64,47] cannot find symbol
  symbol:   method getUserId()
  location: variable request of type com.edu.backend.controller.AdminController.UserUpdateRequest
[ERROR] /C:/Users/91965/Desktop/Educational-Platform/fsad-previewcode/backend/src/main/java/com/edu/backend/controller/AdminController.java:[65,24] cannot find symbol
  symbol:   method getName()
  location: variable request of type com.edu.backend.controller.AdminController.UserUpdateRequest
[ERROR] /C:/Users/91965/Desktop/Educational-Platform/fsad-previewcode/backend/src/main/java/com/edu/backend/controller/AdminController.java:[65,64] cannot find symbol
  symbol:   method getName()
  location: variable request of type com.edu.backend.controller.AdminController.UserUpdateRequest
[ERROR] /C:/Users/91965/Desktop/Educational-Platform/fsad-previewcode/backend/src/main/java/com/edu/backend/controller/AdminController.java:[66,24] cannot find symbol
  symbol:   method getEmail()
  location: variable request of type com.edu.backend.controller.AdminController.UserUpdateRequest
[ERROR] /C:/Users/91965/Desktop/Educational-Platform/fsad-previewcode/backend/src/main/java/com/edu/backend/controller/AdminController.java:[66,66] cannot find symbol
  symbol:   method getEmail()
  location: variable request of type com.edu.backend.controller.AdminController.UserUpdateRequest
[ERROR] /C:/Users/91965/Desktop/Educational-Platform/fsad-previewcode/backend/src/main/java/com/edu/backend/controller/AdminController.java:[67,24] cannot find symbol
  symbol:   method getRole()
  location: variable request of type com.edu.backend.controller.AdminController.UserUpdateRequest
[ERROR] /C:/Users/91965/Desktop/Educational-Platform/fsad-previewcode/backend/src/main/java/com/edu/backend/controller/AdminController.java:[67,64] cannot find symbol
  symbol:   method getRole()
  location: variable request of type com.edu.backend.controller.AdminController.UserUpdateRequest
[ERROR] /C:/Users/91965/Desktop/Educational-Platform/fsad-previewcode/backend/src/main/java/com/edu/backend/controller/AdminController.java:[68,24] cannot find symbol
  symbol:   method getPassword()
  location: variable request of type com.edu.backend.controller.AdminController.UserUpdateRequest
[ERROR] /C:/Users/91965/Desktop/Educational-Platform/fsad-previewcode/backend/src/main/java/com/edu/backend/controller/AdminController.java:[68,58] cannot find symbol
  symbol:   method getPassword()
  location: variable request of type com.edu.backend.controller.AdminController.UserUpdateRequest
[ERROR] /C:/Users/91965/Desktop/Educational-Platform/fsad-previewcode/backend/src/main/java/com/edu/backend/controller/AdminController.java:[69,41] cannot find symbol
  symbol:   method getPassword()
  location: variable request of type com.edu.backend.controller.AdminController.UserUpdateRequest
[ERROR] /C:/Users/91965/Desktop/Educational-Platform/fsad-previewcode/backend/src/main/java/com/edu/backend/controller/AdminController.java:[90,48] cannot find symbol
  symbol:   method getRole()
  location: variable u of type com.edu.backend.model.User
[ERROR] /C:/Users/91965/Desktop/Educational-Platform/fsad-previewcode/backend/src/main/java/com/edu/backend/controller/AdminController.java:[90,81] cannot find symbol
  symbol:   method getStatus()
  location: variable u of type com.edu.backend.model.User
[ERROR] /C:/Users/91965/Desktop/Educational-Platform/fsad-previewcode/backend/src/main/java/com/edu/backend/controller/AdminController.java:[97,46] cannot find symbol
  symbol:   method getRole()
  location: variable u of type com.edu.backend.model.User
[ERROR] /C:/Users/91965/Desktop/Educational-Platform/fsad-previewcode/backend/src/main/java/com/edu/backend/controller/AdminController.java:[97,79] cannot find symbol
  symbol:   method getStatus()
  location: variable u of type com.edu.backend.model.User
[ERROR] /C:/Users/91965/Desktop/Educational-Platform/fsad-previewcode/backend/src/main/java/com/edu/backend/controller/AdminController.java:[105,17] cannot find symbol
  symbol:   method setStatus(java.lang.String)
  location: variable user of type com.edu.backend.model.User
[ERROR] /C:/Users/91965/Desktop/Educational-Platform/fsad-previewcode/backend/src/main/java/com/edu/backend/controller/AnnouncementController.java:[30,42] cannot find symbol
  symbol:   method getTitle()
  location: variable request of type com.edu.backend.controller.AnnouncementRequest
[ERROR] /C:/Users/91965/Desktop/Educational-Platform/fsad-previewcode/backend/src/main/java/com/edu/backend/controller/AnnouncementController.java:[31,44] cannot find symbol
  symbol:   method getContent()
  location: variable request of type com.edu.backend.controller.AnnouncementRequest
[ERROR] /C:/Users/91965/Desktop/Educational-Platform/fsad-previewcode/backend/src/main/java/com/edu/backend/controller/AnnouncementController.java:[33,25] cannot find symbol
  symbol:   method setTargetRole(request.ge[...]ole())
  location: variable announcement of type com.edu.backend.model.Announcement
[ERROR] /C:/Users/91965/Desktop/Educational-Platform/fsad-previewcode/backend/src/main/java/com/edu/backend/controller/AnnouncementController.java:[33,47] cannot find symbol
  symbol:   method getTarget()
  location: variable request of type com.edu.backend.controller.AnnouncementRequest
[ERROR] /C:/Users/91965/Desktop/Educational-Platform/fsad-previewcode/backend/src/main/java/com/edu/backend/controller/AnnouncementController.java:[33,77] cannot find symbol
  symbol:   method getTarget()
  location: variable request of type com.edu.backend.controller.AnnouncementRequest
[ERROR] /C:/Users/91965/Desktop/Educational-Platform/fsad-previewcode/backend/src/main/java/com/edu/backend/controller/AnnouncementController.java:[33,99] cannot find symbol
  symbol:   method getTargetRole()
  location: variable request of type com.edu.backend.controller.AnnouncementRequest
[ERROR] /C:/Users/91965/Desktop/Educational-Platform/fsad-previewcode/backend/src/main/java/com/edu/backend/controller/AnnouncementController.java:[34,25] cannot find symbol
  symbol:   method setCreatedAt(java.time.LocalDateTime)
  location: variable announcement of type com.edu.backend.model.Announcement
[ERROR] /C:/Users/91965/Desktop/Educational-Platform/fsad-previewcode/backend/src/main/java/com/edu/backend/controller/AnnouncementController.java:[45,33] cannot find symbol
  symbol:   method getTitle()
  location: variable request of type com.edu.backend.controller.AnnouncementRequest
[ERROR] /C:/Users/91965/Desktop/Educational-Platform/fsad-previewcode/backend/src/main/java/com/edu/backend/controller/AnnouncementController.java:[46,35] cannot find symbol
  symbol:   method getContent()
  location: variable request of type com.edu.backend.controller.AnnouncementRequest
[ERROR] /C:/Users/91965/Desktop/Educational-Platform/fsad-previewcode/backend/src/main/java/com/edu/backend/controller/AnnouncementController.java:[47,16] cannot find symbol
  symbol:   method setTargetRole(request.ge[...]ole())
  location: variable ann of type com.edu.backend.model.Announcement
[ERROR] /C:/Users/91965/Desktop/Educational-Platform/fsad-previewcode/backend/src/main/java/com/edu/backend/controller/AnnouncementController.java:[47,38] cannot find symbol
  symbol:   method getTarget()
  location: variable request of type com.edu.backend.controller.AnnouncementRequest
[ERROR] /C:/Users/91965/Desktop/Educational-Platform/fsad-previewcode/backend/src/main/java/com/edu/backend/controller/AnnouncementController.java:[47,68] cannot find symbol
  symbol:   method getTarget()
  location: variable request of type com.edu.backend.controller.AnnouncementRequest
[ERROR] /C:/Users/91965/Desktop/Educational-Platform/fsad-previewcode/backend/src/main/java/com/edu/backend/controller/AnnouncementController.java:[47,90] cannot find symbol
  symbol:   method getTargetRole()
  location: variable request of type com.edu.backend.controller.AnnouncementRequest
[ERROR] /C:/Users/91965/Desktop/Educational-Platform/fsad-previewcode/backend/src/main/java/com/edu/backend/controller/AssignmentController.java:[38,47] cannot find symbol
  symbol:   method getTitle()
  location: variable updatedDetails of type com.edu.backend.model.Assignment
[ERROR] /C:/Users/91965/Desktop/Educational-Platform/fsad-previewcode/backend/src/main/java/com/edu/backend/controller/AssignmentController.java:[39,53] cannot find symbol
  symbol:   method getDescription()
  location: variable updatedDetails of type com.edu.backend.model.Assignment
[ERROR] /C:/Users/91965/Desktop/Educational-Platform/fsad-previewcode/backend/src/main/java/com/edu/backend/controller/AssignmentController.java:[40,50] cannot find symbol
  symbol:   method getDeadline()
  location: variable updatedDetails of type com.edu.backend.model.Assignment
[ERROR] /C:/Users/91965/Desktop/Educational-Platform/fsad-previewcode/backend/src/main/java/com/edu/backend/controller/AssignmentController.java:[41,49] cannot find symbol
  symbol:   method getFileUrl()
  location: variable updatedDetails of type com.edu.backend.model.Assignment
[ERROR] /C:/Users/91965/Desktop/Educational-Platform/fsad-previewcode/backend/src/main/java/com/edu/backend/controller/AuthController.java:[24,72] cannot find symbol
  symbol:   method getEmail()
  location: variable request of type com.edu.backend.controller.LoginRequest
[ERROR] /C:/Users/91965/Desktop/Educational-Platform/fsad-previewcode/backend/src/main/java/com/edu/backend/controller/AuthController.java:[28,25] cannot find symbol
  symbol:   method getPassword()
  location: variable user of type com.edu.backend.model.User
[ERROR] /C:/Users/91965/Desktop/Educational-Platform/fsad-previewcode/backend/src/main/java/com/edu/backend/controller/AuthController.java:[28,54] cannot find symbol
  symbol:   method getPassword()
  location: variable request of type com.edu.backend.controller.LoginRequest
[ERROR] /C:/Users/91965/Desktop/Educational-Platform/fsad-previewcode/backend/src/main/java/com/edu/backend/controller/AuthController.java:[28,94] cannot find symbol
  symbol:   method getPassword()
  location: variable request of type com.edu.backend.controller.LoginRequest
[ERROR] /C:/Users/91965/Desktop/Educational-Platform/fsad-previewcode/backend/src/main/java/com/edu/backend/controller/AuthController.java:[29,46] cannot find symbol
  symbol:   method getStatus()
  location: variable user of type com.edu.backend.model.User
[ERROR] /C:/Users/91965/Desktop/Educational-Platform/fsad-previewcode/backend/src/main/java/com/edu/backend/controller/AuthController.java:[30,107] cannot find symbol
  symbol:   method getStatus()
  location: variable user of type com.edu.backend.model.User
[ERROR] /C:/Users/91965/Desktop/Educational-Platform/fsad-previewcode/backend/src/main/java/com/edu/backend/controller/AuthController.java:[44,47] cannot find symbol
  symbol:   method getEmail()
  location: variable request of type com.edu.backend.controller.RegisterRequest
[ERROR] /C:/Users/91965/Desktop/Educational-Platform/fsad-previewcode/backend/src/main/java/com/edu/backend/controller/AuthController.java:[49,29] cannot find symbol
  symbol:   method getName()
  location: variable request of type com.edu.backend.controller.RegisterRequest
[ERROR] /C:/Users/91965/Desktop/Educational-Platform/fsad-previewcode/backend/src/main/java/com/edu/backend/controller/AuthController.java:[50,30] cannot find symbol
  symbol:   method getEmail()
  location: variable request of type com.edu.backend.controller.RegisterRequest
[ERROR] /C:/Users/91965/Desktop/Educational-Platform/fsad-previewcode/backend/src/main/java/com/edu/backend/controller/AuthController.java:[51,33] cannot find symbol
  symbol:   method getPassword()
  location: variable request of type com.edu.backend.controller.RegisterRequest
[ERROR] /C:/Users/91965/Desktop/Educational-Platform/fsad-previewcode/backend/src/main/java/com/edu/backend/controller/AuthController.java:[52,29] cannot find symbol
  symbol:   method getRole()
  location: variable request of type com.edu.backend.controller.RegisterRequest
[ERROR] /C:/Users/91965/Desktop/Educational-Platform/fsad-previewcode/backend/src/main/java/com/edu/backend/controller/AuthController.java:[55,13] cannot find symbol
  symbol:   method setStatus(java.lang.String)
  location: variable user of type com.edu.backend.model.User
[ERROR] /C:/Users/91965/Desktop/Educational-Platform/fsad-previewcode/backend/src/main/java/com/edu/backend/controller/AuthController.java:[57,37] cannot find symbol
  symbol:   method getRole()
  location: variable request of type com.edu.backend.controller.RegisterRequest
[ERROR] /C:/Users/91965/Desktop/Educational-Platform/fsad-previewcode/backend/src/main/java/com/edu/backend/controller/AuthController.java:[57,59] cannot find symbol
  symbol:   method getAssignedTeacherId()
  location: variable request of type com.edu.backend.controller.RegisterRequest
[ERROR] /C:/Users/91965/Desktop/Educational-Platform/fsad-previewcode/backend/src/main/java/com/edu/backend/controller/AuthController.java:[57,102] cannot find symbol
  symbol:   method getAssignedTeacherId()
  location: variable request of type com.edu.backend.controller.RegisterRequest
[ERROR] /C:/Users/91965/Desktop/Educational-Platform/fsad-previewcode/backend/src/main/java/com/edu/backend/controller/AuthController.java:[58,44] cannot find symbol
  symbol:   method getAssignedTeacherId()
  location: variable request of type com.edu.backend.controller.RegisterRequest
[ERROR] /C:/Users/91965/Desktop/Educational-Platform/fsad-previewcode/backend/src/main/java/com/edu/backend/controller/AuthController.java:[58,79] invalid method reference
  cannot find symbol
    symbol:   method setTeacher()
    location: class com.edu.backend.model.User
[ERROR] /C:/Users/91965/Desktop/Educational-Platform/fsad-previewcode/backend/src/main/java/com/edu/backend/controller/AuthController.java:[74,52] cannot find symbol
  symbol:   method getRole()
  location: variable u of type com.edu.backend.model.User
[ERROR] /C:/Users/91965/Desktop/Educational-Platform/fsad-previewcode/backend/src/main/java/com/edu/backend/controller/AuthController.java:[74,84] cannot find symbol
  symbol:   method getStatus()
  location: variable u of type com.edu.backend.model.User
[ERROR] /C:/Users/91965/Desktop/Educational-Platform/fsad-previewcode/backend/src/main/java/com/edu/backend/controller/ClassController.java:[36,37] cannot find symbol
  symbol:   method getName()
  location: variable request of type com.edu.backend.controller.ClassRequest
[ERROR] /C:/Users/91965/Desktop/Educational-Platform/fsad-previewcode/backend/src/main/java/com/edu/backend/controller/ClassController.java:[38,24] cannot find symbol
  symbol:   method getSubjects()
  location: variable request of type com.edu.backend.controller.ClassRequest
[ERROR] /C:/Users/91965/Desktop/Educational-Platform/fsad-previewcode/backend/src/main/java/com/edu/backend/controller/ClassController.java:[39,49] cannot find symbol
  symbol:   method getSubjects()
  location: variable request of type com.edu.backend.controller.ClassRequest
[ERROR] /C:/Users/91965/Desktop/Educational-Platform/fsad-previewcode/backend/src/main/java/com/edu/backend/controller/ClassController.java:[43,25] cannot find symbol
  symbol:   method setSubjects(java.util.List<com.edu.backend.model.Subject>)
  location: variable newClass of type com.edu.backend.model.SchoolClass
[ERROR] /C:/Users/91965/Desktop/Educational-Platform/fsad-previewcode/backend/src/main/java/com/edu/backend/controller/ClassController.java:[60,36] cannot find symbol
  symbol:   method getName()
  location: variable request of type com.edu.backend.controller.ClassRequest
[ERROR] /C:/Users/91965/Desktop/Educational-Platform/fsad-previewcode/backend/src/main/java/com/edu/backend/controller/ClassController.java:[62,20] cannot find symbol
  symbol:   method getSubjects()
  location: variable request of type com.edu.backend.controller.ClassRequest
[ERROR] /C:/Users/91965/Desktop/Educational-Platform/fsad-previewcode/backend/src/main/java/com/edu/backend/controller/ClassController.java:[63,45] cannot find symbol
  symbol:   method getSubjects()
  location: variable request of type com.edu.backend.controller.ClassRequest
[ERROR] /C:/Users/91965/Desktop/Educational-Platform/fsad-previewcode/backend/src/main/java/com/edu/backend/controller/ClassController.java:[67,24] cannot find symbol
  symbol:   method setSubjects(java.util.List<com.edu.backend.model.Subject>)
  location: variable schoolClass of type com.edu.backend.model.SchoolClass
[ERROR] /C:/Users/91965/Desktop/Educational-Platform/fsad-previewcode/backend/src/main/java/com/edu/backend/controller/ClassController.java:[90,20] cannot find symbol
  symbol:   method getStudentIds()
  location: variable request of type com.edu.backend.controller.EnrollBulkRequest
[ERROR] /C:/Users/91965/Desktop/Educational-Platform/fsad-previewcode/backend/src/main/java/com/edu/backend/controller/ClassController.java:[91,44] cannot find symbol
  symbol:   method getStudentIds()
  location: variable request of type com.edu.backend.controller.EnrollBulkRequest
[ERROR] /C:/Users/91965/Desktop/Educational-Platform/fsad-previewcode/backend/src/main/java/com/edu/backend/controller/ClassController.java:[93,28] cannot find symbol
  symbol:   method setSchoolClass(com.edu.backend.model.SchoolClass)
  location: variable student of type com.edu.backend.model.User
[ERROR] /C:/Users/91965/Desktop/Educational-Platform/fsad-previewcode/backend/src/main/java/com/edu/backend/controller/ClassController.java:[108,48] cannot find symbol
  symbol:   method getStudents()
  location: class com.edu.backend.model.SchoolClass
[ERROR] /C:/Users/91965/Desktop/Educational-Platform/fsad-previewcode/backend/src/main/java/com/edu/backend/controller/CodeExecutionController.java:[18,30] cannot find symbol
  symbol:   method getLanguage()
  location: variable request of type com.edu.backend.controller.CodeRequest
[ERROR] /C:/Users/91965/Desktop/Educational-Platform/fsad-previewcode/backend/src/main/java/com/edu/backend/controller/CodeExecutionController.java:[19,30] cannot find symbol
  symbol:   method getCode()
  location: variable request of type com.edu.backend.controller.CodeRequest
[ERROR] /C:/Users/91965/Desktop/Educational-Platform/fsad-previewcode/backend/src/main/java/com/edu/backend/controller/MarkController.java:[32,42] cannot find symbol
  symbol:   method getMarksObtained()
  location: variable request of type com.edu.backend.controller.MarkEntryRequest
[ERROR] /C:/Users/91965/Desktop/Educational-Platform/fsad-previewcode/backend/src/main/java/com/edu/backend/controller/MarkController.java:[33,37] cannot find symbol
  symbol:   method getMaxMarks()
  location: variable request of type com.edu.backend.controller.MarkEntryRequest
[ERROR] /C:/Users/91965/Desktop/Educational-Platform/fsad-previewcode/backend/src/main/java/com/edu/backend/controller/MarkController.java:[34,37] cannot find symbol
  symbol:   method getExamType()
  location: variable request of type com.edu.backend.controller.MarkEntryRequest
[ERROR] /C:/Users/91965/Desktop/Educational-Platform/fsad-previewcode/backend/src/main/java/com/edu/backend/controller/MarkController.java:[36,44] cannot find symbol
  symbol:   method getStudentId()
  location: variable request of type com.edu.backend.controller.MarkEntryRequest
[ERROR] /C:/Users/91965/Desktop/Educational-Platform/fsad-previewcode/backend/src/main/java/com/edu/backend/controller/MarkController.java:[36,71] invalid method reference
  cannot find symbol
    symbol:   method setStudent()
    location: class com.edu.backend.model.Mark
[ERROR] /C:/Users/91965/Desktop/Educational-Platform/fsad-previewcode/backend/src/main/java/com/edu/backend/controller/MarkController.java:[37,47] cannot find symbol
  symbol:   method getSubjectId()
  location: variable request of type com.edu.backend.controller.MarkEntryRequest
[ERROR] /C:/Users/91965/Desktop/Educational-Platform/fsad-previewcode/backend/src/main/java/com/edu/backend/controller/MarkController.java:[37,74] invalid method reference
  cannot find symbol
    symbol:   method setSubject()
    location: class com.edu.backend.model.Mark
[ERROR] /C:/Users/91965/Desktop/Educational-Platform/fsad-previewcode/backend/src/main/java/com/edu/backend/controller/StudentController.java:[25,48] cannot find symbol
  symbol:   method getRole()
  location: variable u of type com.edu.backend.model.User
[ERROR] /C:/Users/91965/Desktop/Educational-Platform/fsad-previewcode/backend/src/main/java/com/edu/backend/controller/StudentController.java:[31,49] cannot find symbol
  symbol:   method getEmail()
  location: variable student of type com.edu.backend.model.User
[ERROR] /C:/Users/91965/Desktop/Educational-Platform/fsad-previewcode/backend/src/main/java/com/edu/backend/controller/StudentController.java:[36,16] cannot find symbol
  symbol:   method setRole(java.lang.String)
  location: variable student of type com.edu.backend.model.User
[ERROR] /C:/Users/91965/Desktop/Educational-Platform/fsad-previewcode/backend/src/main/java/com/edu/backend/controller/StudentController.java:[37,16] cannot find symbol
  symbol:   method setStatus(java.lang.String)
  location: variable student of type com.edu.backend.model.User
[ERROR] /C:/Users/91965/Desktop/Educational-Platform/fsad-previewcode/backend/src/main/java/com/edu/backend/controller/StudentController.java:[44,40] cannot find symbol
  symbol:   method getName()
  location: variable updatedUser of type com.edu.backend.model.User
[ERROR] /C:/Users/91965/Desktop/Educational-Platform/fsad-previewcode/backend/src/main/java/com/edu/backend/controller/StudentController.java:[45,41] cannot find symbol
  symbol:   method getEmail()
  location: variable updatedUser of type com.edu.backend.model.User
[ERROR] /C:/Users/91965/Desktop/Educational-Platform/fsad-previewcode/backend/src/main/java/com/edu/backend/controller/StudentController.java:[46,28] cannot find symbol
  symbol:   method getPassword()
  location: variable updatedUser of type com.edu.backend.model.User
[ERROR] /C:/Users/91965/Desktop/Educational-Platform/fsad-previewcode/backend/src/main/java/com/edu/backend/controller/StudentController.java:[46,66] cannot find symbol
  symbol:   method getPassword()
  location: variable updatedUser of type com.edu.backend.model.User
[ERROR] /C:/Users/91965/Desktop/Educational-Platform/fsad-previewcode/backend/src/main/java/com/edu/backend/controller/StudentController.java:[47,48] cannot find symbol
  symbol:   method getPassword()
  location: variable updatedUser of type com.edu.backend.model.User
[ERROR] /C:/Users/91965/Desktop/Educational-Platform/fsad-previewcode/backend/src/main/java/com/edu/backend/controller/StudentController.java:[65,48] cannot find symbol
  symbol:   method getRole()
  location: variable u of type com.edu.backend.model.User
[ERROR] /C:/Users/91965/Desktop/Educational-Platform/fsad-previewcode/backend/src/main/java/com/edu/backend/controller/StudentController.java:[65,81] cannot find symbol
  symbol:   method getStatus()
  location: variable u of type com.edu.backend.model.User
[ERROR] /C:/Users/91965/Desktop/Educational-Platform/fsad-previewcode/backend/src/main/java/com/edu/backend/controller/SubjectController.java:[37,36] cannot find symbol
  symbol:   method getName()
  location: variable updated of type com.edu.backend.model.Subject
[ERROR] /C:/Users/91965/Desktop/Educational-Platform/fsad-previewcode/backend/src/main/java/com/edu/backend/controller/SubjectController.java:[38,36] cannot find symbol
  symbol:   method getCode()
  location: variable updated of type com.edu.backend.model.Subject
[ERROR] /C:/Users/91965/Desktop/Educational-Platform/fsad-previewcode/backend/src/main/java/com/edu/backend/controller/SubjectController.java:[39,43] cannot find symbol
  symbol:   method getDescription()
  location: variable updated of type com.edu.backend.model.Subject
[ERROR] /C:/Users/91965/Desktop/Educational-Platform/fsad-previewcode/backend/src/main/java/com/edu/backend/controller/SubmissionController.java:[41,42] cannot find symbol
  symbol:   method getFileUrl()
  location: variable request of type com.edu.backend.controller.SubmissionRequest
[ERROR] /C:/Users/91965/Desktop/Educational-Platform/fsad-previewcode/backend/src/main/java/com/edu/backend/controller/SubmissionController.java:[42,23] cannot find symbol
  symbol:   method setSubmittedAt(java.time.LocalDateTime)
  location: variable submission of type com.edu.backend.model.Submission
[ERROR] /C:/Users/91965/Desktop/Educational-Platform/fsad-previewcode/backend/src/main/java/com/edu/backend/controller/SubmissionController.java:[43,23] cannot find symbol
  symbol:   method setStatus(java.lang.String)
  location: variable submission of type com.edu.backend.model.Submission
[ERROR] /C:/Users/91965/Desktop/Educational-Platform/fsad-previewcode/backend/src/main/java/com/edu/backend/controller/SubmissionController.java:[45,50] cannot find symbol
  symbol:   method getAssignmentId()
  location: variable request of type com.edu.backend.controller.SubmissionRequest
[ERROR] /C:/Users/91965/Desktop/Educational-Platform/fsad-previewcode/backend/src/main/java/com/edu/backend/controller/SubmissionController.java:[45,80] invalid method reference
  cannot find symbol
    symbol:   method setAssignment()
    location: class com.edu.backend.model.Submission
[ERROR] /C:/Users/91965/Desktop/Educational-Platform/fsad-previewcode/backend/src/main/java/com/edu/backend/controller/SubmissionController.java:[46,44] cannot find symbol
  symbol:   method getStudentId()
  location: variable request of type com.edu.backend.controller.SubmissionRequest
[ERROR] /C:/Users/91965/Desktop/Educational-Platform/fsad-previewcode/backend/src/main/java/com/edu/backend/controller/SubmissionController.java:[46,71] invalid method reference
  cannot find symbol
    symbol:   method setStudent()
    location: class com.edu.backend.model.Submission
[ERROR] /C:/Users/91965/Desktop/Educational-Platform/fsad-previewcode/backend/src/main/java/com/edu/backend/controller/SubmissionController.java:[58,43] cannot find symbol
  symbol:   method getStatus()
  location: variable submission of type com.edu.backend.model.Submission
[INFO] 100 errors 
[INFO] -------------------------------------------------------------
[INFO] ------------------------------------------------------------------------
[INFO] BUILD FAILURE
[INFO] ------------------------------------------------------------------------
[INFO] Total time:  2.890 s
[INFO] Finished at: 2026-04-03T23:12:55+05:30
[INFO] ------------------------------------------------------------------------
[ERROR] Failed to execute goal org.apache.maven.plugins:maven-compiler-plugin:3.13.0:compile (default-compile) on project backend: Compilation failure: Compilation failure: 
[ERROR] /C:/Users/91965/Desktop/Educational-Platform/fsad-previewcode/backend/src/main/java/com/edu/backend/controller/AdminController.java:[28,77] cannot find symbol
[ERROR]   symbol:   method getRole()
[ERROR]   location: variable u of type com.edu.backend.model.User
[ERROR] /C:/Users/91965/Desktop/Educational-Platform/fsad-previewcode/backend/src/main/java/com/edu/backend/controller/AdminController.java:[29,77] cannot find symbol
[ERROR]   symbol:   method getRole()
[ERROR]   location: variable u of type com.edu.backend.model.User
[ERROR] /C:/Users/91965/Desktop/Educational-Platform/fsad-previewcode/backend/src/main/java/com/edu/backend/controller/AdminController.java:[36,52] cannot find symbol
[ERROR]   symbol:   method getRole()
[ERROR]   location: variable u of type com.edu.backend.model.User
[ERROR] /C:/Users/91965/Desktop/Educational-Platform/fsad-previewcode/backend/src/main/java/com/edu/backend/controller/AdminController.java:[36,85] cannot find symbol
[ERROR]   symbol:   method getStatus()
[ERROR]   location: variable u of type com.edu.backend.model.User
[ERROR] /C:/Users/91965/Desktop/Educational-Platform/fsad-previewcode/backend/src/main/java/com/edu/backend/controller/AdminController.java:[38,50] cannot find symbol
[ERROR]   symbol:   method getRole()
[ERROR]   location: variable u of type com.edu.backend.model.User
[ERROR] /C:/Users/91965/Desktop/Educational-Platform/fsad-previewcode/backend/src/main/java/com/edu/backend/controller/AdminController.java:[38,83] cannot find symbol
[ERROR]   symbol:   method getStatus()
[ERROR]   location: variable u of type com.edu.backend.model.User
[ERROR] /C:/Users/91965/Desktop/Educational-Platform/fsad-previewcode/backend/src/main/java/com/edu/backend/controller/AdminController.java:[64,47] cannot find symbol
[ERROR]   symbol:   method getUserId()
[ERROR]   location: variable request of type com.edu.backend.controller.AdminController.UserUpdateRequest
[ERROR] /C:/Users/91965/Desktop/Educational-Platform/fsad-previewcode/backend/src/main/java/com/edu/backend/controller/AdminController.java:[65,24] cannot find symbol
[ERROR]   symbol:   method getName()
[ERROR]   location: variable request of type com.edu.backend.controller.AdminController.UserUpdateRequest
[ERROR] /C:/Users/91965/Desktop/Educational-Platform/fsad-previewcode/backend/src/main/java/com/edu/backend/controller/AdminController.java:[65,64] cannot find symbol
[ERROR]   symbol:   method getName()
[ERROR]   location: variable request of type com.edu.backend.controller.AdminController.UserUpdateRequest
[ERROR] /C:/Users/91965/Desktop/Educational-Platform/fsad-previewcode/backend/src/main/java/com/edu/backend/controller/AdminController.java:[66,24] cannot find symbol
[ERROR]   symbol:   method getEmail()
[ERROR]   location: variable request of type com.edu.backend.controller.AdminController.UserUpdateRequest
[ERROR] /C:/Users/91965/Desktop/Educational-Platform/fsad-previewcode/backend/src/main/java/com/edu/backend/controller/AdminController.java:[66,66] cannot find symbol
[ERROR]   symbol:   method getEmail()
[ERROR]   location: variable request of type com.edu.backend.controller.AdminController.UserUpdateRequest
[ERROR] /C:/Users/91965/Desktop/Educational-Platform/fsad-previewcode/backend/src/main/java/com/edu/backend/controller/AdminController.java:[67,24] cannot find symbol
[ERROR]   symbol:   method getRole()
[ERROR]   location: variable request of type com.edu.backend.controller.AdminController.UserUpdateRequest
[ERROR] /C:/Users/91965/Desktop/Educational-Platform/fsad-previewcode/backend/src/main/java/com/edu/backend/controller/AdminController.java:[67,64] cannot find symbol
[ERROR]   symbol:   method getRole()
[ERROR]   location: variable request of type com.edu.backend.controller.AdminController.UserUpdateRequest
[ERROR] /C:/Users/91965/Desktop/Educational-Platform/fsad-previewcode/backend/src/main/java/com/edu/backend/controller/AdminController.java:[68,24] cannot find symbol
[ERROR]   symbol:   method getPassword()
[ERROR]   location: variable request of type com.edu.backend.controller.AdminController.UserUpdateRequest
[ERROR] /C:/Users/91965/Desktop/Educational-Platform/fsad-previewcode/backend/src/main/java/com/edu/backend/controller/AdminController.java:[68,58] cannot find symbol
[ERROR]   symbol:   method getPassword()
[ERROR]   location: variable request of type com.edu.backend.controller.AdminController.UserUpdateRequest
[ERROR] /C:/Users/91965/Desktop/Educational-Platform/fsad-previewcode/backend/src/main/java/com/edu/backend/controller/AdminController.java:[69,41] cannot find symbol
[ERROR]   symbol:   method getPassword()
[ERROR]   location: variable request of type com.edu.backend.controller.AdminController.UserUpdateRequest
[ERROR] /C:/Users/91965/Desktop/Educational-Platform/fsad-previewcode/backend/src/main/java/com/edu/backend/controller/AdminController.java:[90,48] cannot find symbol
[ERROR]   symbol:   method getRole()
[ERROR]   location: variable u of type com.edu.backend.model.User
[ERROR] /C:/Users/91965/Desktop/Educational-Platform/fsad-previewcode/backend/src/main/java/com/edu/backend/controller/AdminController.java:[90,81] cannot find symbol
[ERROR]   symbol:   method getStatus()
[ERROR]   location: variable u of type com.edu.backend.model.User
[ERROR] /C:/Users/91965/Desktop/Educational-Platform/fsad-previewcode/backend/src/main/java/com/edu/backend/controller/AdminController.java:[97,46] cannot find symbol
[ERROR]   symbol:   method getRole()
[ERROR]   location: variable u of type com.edu.backend.model.User
[ERROR] /C:/Users/91965/Desktop/Educational-Platform/fsad-previewcode/backend/src/main/java/com/edu/backend/controller/AdminController.java:[97,79] cannot find symbol
[ERROR]   symbol:   method getStatus()
[ERROR]   location: variable u of type com.edu.backend.model.User
[ERROR] /C:/Users/91965/Desktop/Educational-Platform/fsad-previewcode/backend/src/main/java/com/edu/backend/controller/AdminController.java:[105,17] cannot find symbol
[ERROR]   symbol:   method setStatus(java.lang.String)
[ERROR]   location: variable user of type com.edu.backend.model.User
[ERROR] /C:/Users/91965/Desktop/Educational-Platform/fsad-previewcode/backend/src/main/java/com/edu/backend/controller/AnnouncementController.java:[30,42] cannot find symbol
[ERROR]   symbol:   method getTitle()
[ERROR]   location: variable request of type com.edu.backend.controller.AnnouncementRequest
[ERROR] /C:/Users/91965/Desktop/Educational-Platform/fsad-previewcode/backend/src/main/java/com/edu/backend/controller/AnnouncementController.java:[31,44] cannot find symbol
[ERROR]   symbol:   method getContent()
[ERROR]   location: variable request of type com.edu.backend.controller.AnnouncementRequest
[ERROR] /C:/Users/91965/Desktop/Educational-Platform/fsad-previewcode/backend/src/main/java/com/edu/backend/controller/AnnouncementController.java:[33,25] cannot find symbol
[ERROR]   symbol:   method setTargetRole(request.ge[...]ole())
[ERROR]   location: variable announcement of type com.edu.backend.model.Announcement
[ERROR] /C:/Users/91965/Desktop/Educational-Platform/fsad-previewcode/backend/src/main/java/com/edu/backend/controller/AnnouncementController.java:[33,47] cannot find symbol
[ERROR]   symbol:   method getTarget()
[ERROR]   location: variable request of type com.edu.backend.controller.AnnouncementRequest
[ERROR] /C:/Users/91965/Desktop/Educational-Platform/fsad-previewcode/backend/src/main/java/com/edu/backend/controller/AnnouncementController.java:[33,77] cannot find symbol
[ERROR]   symbol:   method getTarget()
[ERROR]   location: variable request of type com.edu.backend.controller.AnnouncementRequest
[ERROR] /C:/Users/91965/Desktop/Educational-Platform/fsad-previewcode/backend/src/main/java/com/edu/backend/controller/AnnouncementController.java:[33,99] cannot find symbol
[ERROR]   symbol:   method getTargetRole()
[ERROR]   location: variable request of type com.edu.backend.controller.AnnouncementRequest
[ERROR] /C:/Users/91965/Desktop/Educational-Platform/fsad-previewcode/backend/src/main/java/com/edu/backend/controller/AnnouncementController.java:[34,25] cannot find symbol
[ERROR]   symbol:   method setCreatedAt(java.time.LocalDateTime)
[ERROR]   location: variable announcement of type com.edu.backend.model.Announcement
[ERROR] /C:/Users/91965/Desktop/Educational-Platform/fsad-previewcode/backend/src/main/java/com/edu/backend/controller/AnnouncementController.java:[45,33] cannot find symbol
[ERROR]   symbol:   method getTitle()
[ERROR]   location: variable request of type com.edu.backend.controller.AnnouncementRequest
[ERROR] /C:/Users/91965/Desktop/Educational-Platform/fsad-previewcode/backend/src/main/java/com/edu/backend/controller/AnnouncementController.java:[46,35] cannot find symbol
[ERROR]   symbol:   method getContent()
[ERROR]   location: variable request of type com.edu.backend.controller.AnnouncementRequest
[ERROR] /C:/Users/91965/Desktop/Educational-Platform/fsad-previewcode/backend/src/main/java/com/edu/backend/controller/AnnouncementController.java:[47,16] cannot find symbol
[ERROR]   symbol:   method setTargetRole(request.ge[...]ole())
[ERROR]   location: variable ann of type com.edu.backend.model.Announcement
[ERROR] /C:/Users/91965/Desktop/Educational-Platform/fsad-previewcode/backend/src/main/java/com/edu/backend/controller/AnnouncementController.java:[47,38] cannot find symbol
[ERROR]   symbol:   method getTarget()
[ERROR]   location: variable request of type com.edu.backend.controller.AnnouncementRequest
[ERROR] /C:/Users/91965/Desktop/Educational-Platform/fsad-previewcode/backend/src/main/java/com/edu/backend/controller/AnnouncementController.java:[47,68] cannot find symbol
[ERROR]   symbol:   method getTarget()
[ERROR]   location: variable request of type com.edu.backend.controller.AnnouncementRequest
[ERROR] /C:/Users/91965/Desktop/Educational-Platform/fsad-previewcode/backend/src/main/java/com/edu/backend/controller/AnnouncementController.java:[47,90] cannot find symbol
[ERROR]   symbol:   method getTargetRole()
[ERROR]   location: variable request of type com.edu.backend.controller.AnnouncementRequest
[ERROR] /C:/Users/91965/Desktop/Educational-Platform/fsad-previewcode/backend/src/main/java/com/edu/backend/controller/AssignmentController.java:[38,47] cannot find symbol
[ERROR]   symbol:   method getTitle()
[ERROR]   location: variable updatedDetails of type com.edu.backend.model.Assignment
[ERROR] /C:/Users/91965/Desktop/Educational-Platform/fsad-previewcode/backend/src/main/java/com/edu/backend/controller/AssignmentController.java:[39,53] cannot find symbol
[ERROR]   symbol:   method getDescription()
[ERROR]   location: variable updatedDetails of type com.edu.backend.model.Assignment
[ERROR] /C:/Users/91965/Desktop/Educational-Platform/fsad-previewcode/backend/src/main/java/com/edu/backend/controller/AssignmentController.java:[40,50] cannot find symbol
[ERROR]   symbol:   method getDeadline()
[ERROR]   location: variable updatedDetails of type com.edu.backend.model.Assignment
[ERROR] /C:/Users/91965/Desktop/Educational-Platform/fsad-previewcode/backend/src/main/java/com/edu/backend/controller/AssignmentController.java:[41,49] cannot find symbol
[ERROR]   symbol:   method getFileUrl()
[ERROR]   location: variable updatedDetails of type com.edu.backend.model.Assignment
[ERROR] /C:/Users/91965/Desktop/Educational-Platform/fsad-previewcode/backend/src/main/java/com/edu/backend/controller/AuthController.java:[24,72] cannot find symbol
[ERROR]   symbol:   method getEmail()
[ERROR]   location: variable request of type com.edu.backend.controller.LoginRequest
[ERROR] /C:/Users/91965/Desktop/Educational-Platform/fsad-previewcode/backend/src/main/java/com/edu/backend/controller/AuthController.java:[28,25] cannot find symbol
[ERROR]   symbol:   method getPassword()
[ERROR]   location: variable user of type com.edu.backend.model.User
[ERROR] /C:/Users/91965/Desktop/Educational-Platform/fsad-previewcode/backend/src/main/java/com/edu/backend/controller/AuthController.java:[28,54] cannot find symbol
[ERROR]   symbol:   method getPassword()
[ERROR]   location: variable request of type com.edu.backend.controller.LoginRequest
[ERROR] /C:/Users/91965/Desktop/Educational-Platform/fsad-previewcode/backend/src/main/java/com/edu/backend/controller/AuthController.java:[28,94] cannot find symbol
[ERROR]   symbol:   method getPassword()
[ERROR]   location: variable request of type com.edu.backend.controller.LoginRequest
[ERROR] /C:/Users/91965/Desktop/Educational-Platform/fsad-previewcode/backend/src/main/java/com/edu/backend/controller/AuthController.java:[29,46] cannot find symbol
[ERROR]   symbol:   method getStatus()
[ERROR]   location: variable user of type com.edu.backend.model.User
[ERROR] /C:/Users/91965/Desktop/Educational-Platform/fsad-previewcode/backend/src/main/java/com/edu/backend/controller/AuthController.java:[30,107] cannot find symbol
[ERROR]   symbol:   method getStatus()
[ERROR]   location: variable user of type com.edu.backend.model.User
[ERROR] /C:/Users/91965/Desktop/Educational-Platform/fsad-previewcode/backend/src/main/java/com/edu/backend/controller/AuthController.java:[44,47] cannot find symbol
[ERROR]   symbol:   method getEmail()
[ERROR]   location: variable request of type com.edu.backend.controller.RegisterRequest
[ERROR] /C:/Users/91965/Desktop/Educational-Platform/fsad-previewcode/backend/src/main/java/com/edu/backend/controller/AuthController.java:[49,29] cannot find symbol
[ERROR]   symbol:   method getName()
[ERROR]   location: variable request of type com.edu.backend.controller.RegisterRequest
[ERROR] /C:/Users/91965/Desktop/Educational-Platform/fsad-previewcode/backend/src/main/java/com/edu/backend/controller/AuthController.java:[50,30] cannot find symbol
[ERROR]   symbol:   method getEmail()
[ERROR]   location: variable request of type com.edu.backend.controller.RegisterRequest
[ERROR] /C:/Users/91965/Desktop/Educational-Platform/fsad-previewcode/backend/src/main/java/com/edu/backend/controller/AuthController.java:[51,33] cannot find symbol
[ERROR]   symbol:   method getPassword()
[ERROR]   location: variable request of type com.edu.backend.controller.RegisterRequest
[ERROR] /C:/Users/91965/Desktop/Educational-Platform/fsad-previewcode/backend/src/main/java/com/edu/backend/controller/AuthController.java:[52,29] cannot find symbol
[ERROR]   symbol:   method getRole()
[ERROR]   location: variable request of type com.edu.backend.controller.RegisterRequest
[ERROR] /C:/Users/91965/Desktop/Educational-Platform/fsad-previewcode/backend/src/main/java/com/edu/backend/controller/AuthController.java:[55,13] cannot find symbol
[ERROR]   symbol:   method setStatus(java.lang.String)
[ERROR]   location: variable user of type com.edu.backend.model.User
[ERROR] /C:/Users/91965/Desktop/Educational-Platform/fsad-previewcode/backend/src/main/java/com/edu/backend/controller/AuthController.java:[57,37] cannot find symbol
[ERROR]   symbol:   method getRole()
[ERROR]   location: variable request of type com.edu.backend.controller.RegisterRequest
[ERROR] /C:/Users/91965/Desktop/Educational-Platform/fsad-previewcode/backend/src/main/java/com/edu/backend/controller/AuthController.java:[57,59] cannot find symbol
[ERROR]   symbol:   method getAssignedTeacherId()
[ERROR]   location: variable request of type com.edu.backend.controller.RegisterRequest
[ERROR] /C:/Users/91965/Desktop/Educational-Platform/fsad-previewcode/backend/src/main/java/com/edu/backend/controller/AuthController.java:[57,102] cannot find symbol
[ERROR]   symbol:   method getAssignedTeacherId()
[ERROR]   location: variable request of type com.edu.backend.controller.RegisterRequest
[ERROR] /C:/Users/91965/Desktop/Educational-Platform/fsad-previewcode/backend/src/main/java/com/edu/backend/controller/AuthController.java:[58,44] cannot find symbol
[ERROR]   symbol:   method getAssignedTeacherId()
[ERROR]   location: variable request of type com.edu.backend.controller.RegisterRequest
[ERROR] /C:/Users/91965/Desktop/Educational-Platform/fsad-previewcode/backend/src/main/java/com/edu/backend/controller/AuthController.java:[58,79] invalid method reference
[ERROR]   cannot find symbol
[ERROR]     symbol:   method setTeacher()
[ERROR]     location: class com.edu.backend.model.User
[ERROR] /C:/Users/91965/Desktop/Educational-Platform/fsad-previewcode/backend/src/main/java/com/edu/backend/controller/AuthController.java:[74,52] cannot find symbol
[ERROR]   symbol:   method getRole()
[ERROR]   location: variable u of type com.edu.backend.model.User
[ERROR] /C:/Users/91965/Desktop/Educational-Platform/fsad-previewcode/backend/src/main/java/com/edu/backend/controller/AuthController.java:[74,84] cannot find symbol
[ERROR]   symbol:   method getStatus()
[ERROR]   location: variable u of type com.edu.backend.model.User
[ERROR] /C:/Users/91965/Desktop/Educational-Platform/fsad-previewcode/backend/src/main/java/com/edu/backend/controller/ClassController.java:[36,37] cannot find symbol
[ERROR]   symbol:   method getName()
[ERROR]   location: variable request of type com.edu.backend.controller.ClassRequest
[ERROR] /C:/Users/91965/Desktop/Educational-Platform/fsad-previewcode/backend/src/main/java/com/edu/backend/controller/ClassController.java:[38,24] cannot find symbol
[ERROR]   symbol:   method getSubjects()
[ERROR]   location: variable request of type com.edu.backend.controller.ClassRequest
[ERROR] /C:/Users/91965/Desktop/Educational-Platform/fsad-previewcode/backend/src/main/java/com/edu/backend/controller/ClassController.java:[39,49] cannot find symbol
[ERROR]   symbol:   method getSubjects()
[ERROR]   location: variable request of type com.edu.backend.controller.ClassRequest
[ERROR] /C:/Users/91965/Desktop/Educational-Platform/fsad-previewcode/backend/src/main/java/com/edu/backend/controller/ClassController.java:[43,25] cannot find symbol
[ERROR]   symbol:   method setSubjects(java.util.List<com.edu.backend.model.Subject>)
[ERROR]   location: variable newClass of type com.edu.backend.model.SchoolClass
[ERROR] /C:/Users/91965/Desktop/Educational-Platform/fsad-previewcode/backend/src/main/java/com/edu/backend/controller/ClassController.java:[60,36] cannot find symbol
[ERROR]   symbol:   method getName()
[ERROR]   location: variable request of type com.edu.backend.controller.ClassRequest
[ERROR] /C:/Users/91965/Desktop/Educational-Platform/fsad-previewcode/backend/src/main/java/com/edu/backend/controller/ClassController.java:[62,20] cannot find symbol
[ERROR]   symbol:   method getSubjects()
[ERROR]   location: variable request of type com.edu.backend.controller.ClassRequest
[ERROR] /C:/Users/91965/Desktop/Educational-Platform/fsad-previewcode/backend/src/main/java/com/edu/backend/controller/ClassController.java:[63,45] cannot find symbol
[ERROR]   symbol:   method getSubjects()
[ERROR]   location: variable request of type com.edu.backend.controller.ClassRequest
[ERROR] /C:/Users/91965/Desktop/Educational-Platform/fsad-previewcode/backend/src/main/java/com/edu/backend/controller/ClassController.java:[67,24] cannot find symbol
[ERROR]   symbol:   method setSubjects(java.util.List<com.edu.backend.model.Subject>)
[ERROR]   location: variable schoolClass of type com.edu.backend.model.SchoolClass
[ERROR] /C:/Users/91965/Desktop/Educational-Platform/fsad-previewcode/backend/src/main/java/com/edu/backend/controller/ClassController.java:[90,20] cannot find symbol
[ERROR]   symbol:   method getStudentIds()
[ERROR]   location: variable request of type com.edu.backend.controller.EnrollBulkRequest
[ERROR] /C:/Users/91965/Desktop/Educational-Platform/fsad-previewcode/backend/src/main/java/com/edu/backend/controller/ClassController.java:[91,44] cannot find symbol
[ERROR]   symbol:   method getStudentIds()
[ERROR]   location: variable request of type com.edu.backend.controller.EnrollBulkRequest
[ERROR] /C:/Users/91965/Desktop/Educational-Platform/fsad-previewcode/backend/src/main/java/com/edu/backend/controller/ClassController.java:[93,28] cannot find symbol
[ERROR]   symbol:   method setSchoolClass(com.edu.backend.model.SchoolClass)
[ERROR]   location: variable student of type com.edu.backend.model.User
[ERROR] /C:/Users/91965/Desktop/Educational-Platform/fsad-previewcode/backend/src/main/java/com/edu/backend/controller/ClassController.java:[108,48] cannot find symbol
[ERROR]   symbol:   method getStudents()
[ERROR]   location: class com.edu.backend.model.SchoolClass
[ERROR] /C:/Users/91965/Desktop/Educational-Platform/fsad-previewcode/backend/src/main/java/com/edu/backend/controller/CodeExecutionController.java:[18,30] cannot find symbol
[ERROR]   symbol:   method getLanguage()
[ERROR]   location: variable request of type com.edu.backend.controller.CodeRequest
[ERROR] /C:/Users/91965/Desktop/Educational-Platform/fsad-previewcode/backend/src/main/java/com/edu/backend/controller/CodeExecutionController.java:[19,30] cannot find symbol
[ERROR]   symbol:   method getCode()
[ERROR]   location: variable request of type com.edu.backend.controller.CodeRequest
[ERROR] /C:/Users/91965/Desktop/Educational-Platform/fsad-previewcode/backend/src/main/java/com/edu/backend/controller/MarkController.java:[32,42] cannot find symbol
[ERROR]   symbol:   method getMarksObtained()
[ERROR]   location: variable request of type com.edu.backend.controller.MarkEntryRequest
[ERROR] /C:/Users/91965/Desktop/Educational-Platform/fsad-previewcode/backend/src/main/java/com/edu/backend/controller/MarkController.java:[33,37] cannot find symbol
[ERROR]   symbol:   method getMaxMarks()
[ERROR]   location: variable request of type com.edu.backend.controller.MarkEntryRequest
[ERROR] /C:/Users/91965/Desktop/Educational-Platform/fsad-previewcode/backend/src/main/java/com/edu/backend/controller/MarkController.java:[34,37] cannot find symbol
[ERROR]   symbol:   method getExamType()
[ERROR]   location: variable request of type com.edu.backend.controller.MarkEntryRequest
[ERROR] /C:/Users/91965/Desktop/Educational-Platform/fsad-previewcode/backend/src/main/java/com/edu/backend/controller/MarkController.java:[36,44] cannot find symbol
[ERROR]   symbol:   method getStudentId()
[ERROR]   location: variable request of type com.edu.backend.controller.MarkEntryRequest
[ERROR] /C:/Users/91965/Desktop/Educational-Platform/fsad-previewcode/backend/src/main/java/com/edu/backend/controller/MarkController.java:[36,71] invalid method reference
[ERROR]   cannot find symbol
[ERROR]     symbol:   method setStudent()
[ERROR]     location: class com.edu.backend.model.Mark
[ERROR] /C:/Users/91965/Desktop/Educational-Platform/fsad-previewcode/backend/src/main/java/com/edu/backend/controller/MarkController.java:[37,47] cannot find symbol
[ERROR]   symbol:   method getSubjectId()
[ERROR]   location: variable request of type com.edu.backend.controller.MarkEntryRequest
[ERROR] /C:/Users/91965/Desktop/Educational-Platform/fsad-previewcode/backend/src/main/java/com/edu/backend/controller/MarkController.java:[37,74] invalid method reference
[ERROR]   cannot find symbol
[ERROR]     symbol:   method setSubject()
[ERROR]     location: class com.edu.backend.model.Mark
[ERROR] /C:/Users/91965/Desktop/Educational-Platform/fsad-previewcode/backend/src/main/java/com/edu/backend/controller/StudentController.java:[25,48] cannot find symbol
[ERROR]   symbol:   method getRole()
[ERROR]   location: variable u of type com.edu.backend.model.User
[ERROR] /C:/Users/91965/Desktop/Educational-Platform/fsad-previewcode/backend/src/main/java/com/edu/backend/controller/StudentController.java:[31,49] cannot find symbol
[ERROR]   symbol:   method getEmail()
[ERROR]   location: variable student of type com.edu.backend.model.User
[ERROR] /C:/Users/91965/Desktop/Educational-Platform/fsad-previewcode/backend/src/main/java/com/edu/backend/controller/StudentController.java:[36,16] cannot find symbol
[ERROR]   symbol:   method setRole(java.lang.String)
[ERROR]   location: variable student of type com.edu.backend.model.User
[ERROR] /C:/Users/91965/Desktop/Educational-Platform/fsad-previewcode/backend/src/main/java/com/edu/backend/controller/StudentController.java:[37,16] cannot find symbol
[ERROR]   symbol:   method setStatus(java.lang.String)
[ERROR]   location: variable student of type com.edu.backend.model.User
[ERROR] /C:/Users/91965/Desktop/Educational-Platform/fsad-previewcode/backend/src/main/java/com/edu/backend/controller/StudentController.java:[44,40] cannot find symbol
[ERROR]   symbol:   method getName()
[ERROR]   location: variable updatedUser of type com.edu.backend.model.User
[ERROR] /C:/Users/91965/Desktop/Educational-Platform/fsad-previewcode/backend/src/main/java/com/edu/backend/controller/StudentController.java:[45,41] cannot find symbol
[ERROR]   symbol:   method getEmail()
[ERROR]   location: variable updatedUser of type com.edu.backend.model.User
[ERROR] /C:/Users/91965/Desktop/Educational-Platform/fsad-previewcode/backend/src/main/java/com/edu/backend/controller/StudentController.java:[46,28] cannot find symbol
[ERROR]   symbol:   method getPassword()
[ERROR]   location: variable updatedUser of type com.edu.backend.model.User
[ERROR] /C:/Users/91965/Desktop/Educational-Platform/fsad-previewcode/backend/src/main/java/com/edu/backend/controller/StudentController.java:[46,66] cannot find symbol
[ERROR]   symbol:   method getPassword()
[ERROR]   location: variable updatedUser of type com.edu.backend.model.User
[ERROR] /C:/Users/91965/Desktop/Educational-Platform/fsad-previewcode/backend/src/main/java/com/edu/backend/controller/StudentController.java:[47,48] cannot find symbol
[ERROR]   symbol:   method getPassword()
[ERROR]   location: variable updatedUser of type com.edu.backend.model.User
[ERROR] /C:/Users/91965/Desktop/Educational-Platform/fsad-previewcode/backend/src/main/java/com/edu/backend/controller/StudentController.java:[65,48] cannot find symbol
[ERROR]   symbol:   method getRole()
[ERROR]   location: variable u of type com.edu.backend.model.User
[ERROR] /C:/Users/91965/Desktop/Educational-Platform/fsad-previewcode/backend/src/main/java/com/edu/backend/controller/StudentController.java:[65,81] cannot find symbol
[ERROR]   symbol:   method getStatus()
[ERROR]   location: variable u of type com.edu.backend.model.User
[ERROR] /C:/Users/91965/Desktop/Educational-Platform/fsad-previewcode/backend/src/main/java/com/edu/backend/controller/SubjectController.java:[37,36] cannot find symbol
[ERROR]   symbol:   method getName()
[ERROR]   location: variable updated of type com.edu.backend.model.Subject
[ERROR] /C:/Users/91965/Desktop/Educational-Platform/fsad-previewcode/backend/src/main/java/com/edu/backend/controller/SubjectController.java:[38,36] cannot find symbol
[ERROR]   symbol:   method getCode()
[ERROR]   location: variable updated of type com.edu.backend.model.Subject
[ERROR] /C:/Users/91965/Desktop/Educational-Platform/fsad-previewcode/backend/src/main/java/com/edu/backend/controller/SubjectController.java:[39,43] cannot find symbol
[ERROR]   symbol:   method getDescription()
[ERROR]   location: variable updated of type com.edu.backend.model.Subject
[ERROR] /C:/Users/91965/Desktop/Educational-Platform/fsad-previewcode/backend/src/main/java/com/edu/backend/controller/SubmissionController.java:[41,42] cannot find symbol
[ERROR]   symbol:   method getFileUrl()
[ERROR]   location: variable request of type com.edu.backend.controller.SubmissionRequest
[ERROR] /C:/Users/91965/Desktop/Educational-Platform/fsad-previewcode/backend/src/main/java/com/edu/backend/controller/SubmissionController.java:[42,23] cannot find symbol
[ERROR]   symbol:   method setSubmittedAt(java.time.LocalDateTime)
[ERROR]   location: variable submission of type com.edu.backend.model.Submission
[ERROR] /C:/Users/91965/Desktop/Educational-Platform/fsad-previewcode/backend/src/main/java/com/edu/backend/controller/SubmissionController.java:[43,23] cannot find symbol
[ERROR]   symbol:   method setStatus(java.lang.String)
[ERROR]   location: variable submission of type com.edu.backend.model.Submission
[ERROR] /C:/Users/91965/Desktop/Educational-Platform/fsad-previewcode/backend/src/main/java/com/edu/backend/controller/SubmissionController.java:[45,50] cannot find symbol
[ERROR]   symbol:   method getAssignmentId()
[ERROR]   location: variable request of type com.edu.backend.controller.SubmissionRequest
[ERROR] /C:/Users/91965/Desktop/Educational-Platform/fsad-previewcode/backend/src/main/java/com/edu/backend/controller/SubmissionController.java:[45,80] invalid method reference
[ERROR]   cannot find symbol
[ERROR]     symbol:   method setAssignment()
[ERROR]     location: class com.edu.backend.model.Submission
[ERROR] /C:/Users/91965/Desktop/Educational-Platform/fsad-previewcode/backend/src/main/java/com/edu/backend/controller/SubmissionController.java:[46,44] cannot find symbol
[ERROR]   symbol:   method getStudentId()
[ERROR]   location: variable request of type com.edu.backend.controller.SubmissionRequest
[ERROR] /C:/Users/91965/Desktop/Educational-Platform/fsad-previewcode/backend/src/main/java/com/edu/backend/controller/SubmissionController.java:[46,71] invalid method reference
[ERROR]   cannot find symbol
[ERROR]     symbol:   method setStudent()
[ERROR]     location: class com.edu.backend.model.Submission
[ERROR] /C:/Users/91965/Desktop/Educational-Platform/fsad-previewcode/backend/src/main/java/com/edu/backend/controller/SubmissionController.java:[58,43] cannot find symbol
[ERROR]   symbol:   method getStatus()
[ERROR]   location: variable submission of type com.edu.backend.model.Submission
[ERROR] -> [Help 1]
[ERROR] 
[ERROR] To see the full stack trace of the errors, re-run Maven with the -e switch.
[ERROR] Re-run Maven using the -X switch to enable full debug logging.
[ERROR] 
[ERROR] For more information about the errors and possible solutions, please read the following articles:
[ERROR] [Help 1] http://cwiki.apache.org/confluence/display/MAVEN/MojoFailureException
